Total configs generated: 537
Research engine: 537 configs × up to 17 pairs
Loading BTC regime data...
BTC 1H loaded: 1500 bars
Loading pair data...
  ✓ SOL-USDT: 1500 bars
  ✓ AVAX-USDT: 1500 bars
  ✓ LINK-USDT: 1500 bars
  ✓ DOT-USDT: 1500 bars
  ✓ NEAR-USDT: 1500 bars
  ✓ SUI-USDT: 1500 bars
  ✓ UNI-USDT: 1500 bars
  ✓ PEPE-USDT: 1500 bars
  ✓ HYPE-USDT: 1500 bars
  ✓ ONDO-USDT: 1500 bars
  ✓ ADA-USDT: 1500 bars
  ✓ DOGE-USDT: 1500 bars
  ✓ FIL-USDT: 1500 bars
  ✓ WLD-USDT: 1500 bars
  ✓ XLM-USDT: 1500 bars
  ✓ BTC-USDT: 1500 bars
  ✓ ETH-USDT: 1500 bars
Loading 1H data for MTALIGN...
  [50/9129] VSMO/BTC-USDT | ETA: 1.5m
  [100/9129] VSMO/XLM-USDT | ETA: 1.5m
  [150/9129] VSMO/WLD-USDT | ETA: 1.4m
  [200/9129] VSMO/FIL-USDT | ETA: 1.4m
  [250/9129] VSMO/DOGE-USDT | ETA: 1.4m
  [300/9129] VSMO/ADA-USDT | ETA: 1.4m
  [350/9129] VSMO/ONDO-USDT | ETA: 1.4m
  [400/9129] VSMO/HYPE-USDT | ETA: 1.4m
  [450/9129] VSMO/PEPE-USDT | ETA: 1.4m
  [500/9129] VSMO/UNI-USDT | ETA: 1.4m
  [550/9129] VSMO/SUI-USDT | ETA: 1.4m
  [600/9129] VSMO/NEAR-USDT | ETA: 1.4m
  [650/9129] VSMO/DOT-USDT | ETA: 1.4m
  [700/9129] VSMO/LINK-USDT | ETA: 1.4m
  [750/9129] VSMO/AVAX-USDT | ETA: 1.4m
  [800/9129] VSMO/SOL-USDT | ETA: 1.4m
  [850/9129] VSMO/ETH-USDT | ETA: 1.4m
  [900/9129] VSMO/BTC-USDT | ETA: 1.4m
  [950/9129] VSMO/XLM-USDT | ETA: 1.3m
  [1000/9129] VSMO/WLD-USDT | ETA: 1.3m
  [1050/9129] VSMO/FIL-USDT | ETA: 1.3m
  [1100/9129] VSMO/DOGE-USDT | ETA: 1.3m
  [1150/9129] VSMO/ADA-USDT | ETA: 1.3m
  [1200/9129] VSMO/ONDO-USDT | ETA: 1.3m
  [1250/9129] VSMO/HYPE-USDT | ETA: 1.3m
  [1300/9129] VSMO/PEPE-USDT | ETA: 1.3m
  [1350/9129] VSMO/UNI-USDT | ETA: 1.3m
  [1400/9129] VSMO/SUI-USDT | ETA: 1.3m
  [1450/9129] VSMO/NEAR-USDT | ETA: 1.3m
  [1500/9129] VSMO/DOT-USDT | ETA: 1.3m
  [1550/9129] VSMO/LINK-USDT | ETA: 1.3m
  [1600/9129] VSMO/AVAX-USDT | ETA: 1.3m
  [1650/9129] VSMO/SOL-USDT | ETA: 1.2m
  [1700/9129] VSMO/ETH-USDT | ETA: 1.2m
  [1750/9129] VSMO/BTC-USDT | ETA: 1.2m
  [1800/9129] VSMO/XLM-USDT | ETA: 1.2m
  [1850/9129] STAB/WLD-USDT | ETA: 1.2m
  [1900/9129] STAB/FIL-USDT | ETA: 1.2m
  [1950/9129] STAB/DOGE-USDT | ETA: 1.2m
  [2000/9129] STAB/ADA-USDT | ETA: 1.2m
  [2050/9129] STAB/ONDO-USDT | ETA: 1.2m
  [2100/9129] STAB/HYPE-USDT | ETA: 1.2m
  [2150/9129] STAB/PEPE-USDT | ETA: 1.2m
  [2200/9129] STAB/UNI-USDT | ETA: 1.2m
  [2250/9129] STAB/SUI-USDT | ETA: 1.2m
  [2300/9129] STAB/NEAR-USDT | ETA: 1.2m
  [2350/9129] STAB/DOT-USDT | ETA: 1.1m
  [2400/9129] STAB/LINK-USDT | ETA: 1.1m
  [2450/9129] STAB/AVAX-USDT | ETA: 1.1m
  [2500/9129] STAB/SOL-USDT | ETA: 1.1m
  [2550/9129] STAB/ETH-USDT | ETA: 1.1m
  [2600/9129] STAB/BTC-USDT | ETA: 1.1m
  [2650/9129] STAB/XLM-USDT | ETA: 1.1m
  [2700/9129] STAB/WLD-USDT | ETA: 1.1m
  [2750/9129] STAB/FIL-USDT | ETA: 1.1m
  [2800/9129] MTALIGN/DOGE-USDT | ETA: 1.2m
  [2850/9129] MTALIGN/ADA-USDT | ETA: 1.3m
  [2900/9129] MTALIGN/ONDO-USDT | ETA: 1.4m
  [2950/9129] MTALIGN/HYPE-USDT | ETA: 1.5m
  [3000/9129] MTALIGN/PEPE-USDT | ETA: 1.6m
  [3050/9129] MTALIGN/UNI-USDT | ETA: 1.7m
  [3100/9129] MTALIGN/SUI-USDT | ETA: 1.7m
  [3150/9129] MTALIGN/NEAR-USDT | ETA: 1.8m
  [3200/9129] MTALIGN/DOT-USDT | ETA: 1.9m
  [3250/9129] MTALIGN/LINK-USDT | ETA: 2.0m
  [3300/9129] MTALIGN/AVAX-USDT | ETA: 2.0m
  [3350/9129] MTALIGN/SOL-USDT | ETA: 2.1m
  [3400/9129] RVOL/ETH-USDT | ETA: 2.1m
  [3450/9129] RVOL/BTC-USDT | ETA: 2.1m
  [3500/9129] RVOL/XLM-USDT | ETA: 2.0m
  [3550/9129] RVOL/WLD-USDT | ETA: 2.0m
  [3600/9129] RVOL/FIL-USDT | ETA: 2.0m
  [3650/9129] RVOL/DOGE-USDT | ETA: 1.9m
  [3700/9129] RVOL/ADA-USDT | ETA: 1.9m
  [3750/9129] RVOL/ONDO-USDT | ETA: 1.9m
  [3800/9129] RVOL/HYPE-USDT | ETA: 1.8m
  [3850/9129] RVOL/PEPE-USDT | ETA: 1.8m
  [3900/9129] RVOL/UNI-USDT | ETA: 1.8m
  [3950/9129] RVOL/SUI-USDT | ETA: 1.8m
  [4000/9129] RVOL/NEAR-USDT | ETA: 1.7m
  [4050/9129] RVOL/DOT-USDT | ETA: 1.7m
  [4100/9129] RVOL/LINK-USDT | ETA: 1.7m
  [4150/9129] RVOL/AVAX-USDT | ETA: 1.6m
  [4200/9129] RVOL/SOL-USDT | ETA: 1.6m
  [4250/9129] RVOL/ETH-USDT | ETA: 1.6m
  [4300/9129] RVOL/BTC-USDT | ETA: 1.6m
  [4350/9129] RVOL/XLM-USDT | ETA: 1.5m
  [4400/9129] RVOL/WLD-USDT | ETA: 1.5m
  [4450/9129] RVOL/FIL-USDT | ETA: 1.5m
  [4500/9129] RVOL/DOGE-USDT | ETA: 1.5m
  [4550/9129] RVOL/ADA-USDT | ETA: 1.5m
  [4600/9129] RVOL/ONDO-USDT | ETA: 1.4m
  [4650/9129] RVOL/HYPE-USDT | ETA: 1.4m
  [4700/9129] RVOL/PEPE-USDT | ETA: 1.4m
  [4750/9129] RVOL/UNI-USDT | ETA: 1.4m
  [4800/9129] RVOL/SUI-USDT | ETA: 1.3m
  [4850/9129] RVOL/NEAR-USDT | ETA: 1.3m
  [4900/9129] RVOL/DOT-USDT | ETA: 1.3m
  [4950/9129] RVOL/LINK-USDT | ETA: 1.3m
  [5000/9129] HVOL/AVAX-USDT | ETA: 1.3m
  [5050/9129] HVOL/SOL-USDT | ETA: 1.2m
  [5100/9129] HVOL/ETH-USDT | ETA: 1.2m
  [5150/9129] HVOL/BTC-USDT | ETA: 1.2m
  [5200/9129] HVOL/XLM-USDT | ETA: 1.2m
  [5250/9129] HVOL/WLD-USDT | ETA: 1.2m
  [5300/9129] HVOL/FIL-USDT | ETA: 1.1m
  [5350/9129] HVOL/DOGE-USDT | ETA: 1.1m
  [5400/9129] HVOL/ADA-USDT | ETA: 1.1m
  [5450/9129] HVOL/ONDO-USDT | ETA: 1.1m
  [5500/9129] HVOL/HYPE-USDT | ETA: 1.1m
  [5550/9129] HVOL/PEPE-USDT | ETA: 1.1m
  [5600/9129] HVOL/UNI-USDT | ETA: 1.0m
  [5650/9129] HVOL/SUI-USDT | ETA: 1.0m
  [5700/9129] HVOL/NEAR-USDT | ETA: 1.0m
  [5750/9129] HVOL/DOT-USDT | ETA: 1.0m
  [5800/9129] HVOL/LINK-USDT | ETA: 1.0m
  [5850/9129] HVOL/AVAX-USDT | ETA: 0.9m
  [5900/9129] HVOL/SOL-USDT | ETA: 0.9m
  [5950/9129] HVOL/ETH-USDT | ETA: 0.9m
  [6000/9129] HVOL/BTC-USDT | ETA: 0.9m
  [6050/9129] HVOL/XLM-USDT | ETA: 0.9m
  [6100/9129] HVOL/WLD-USDT | ETA: 0.9m
  [6150/9129] HVOL/FIL-USDT | ETA: 0.8m
  [6200/9129] HVOL/DOGE-USDT | ETA: 0.8m
  [6250/9129] HVOL/ADA-USDT | ETA: 0.8m
  [6300/9129] HVOL/ONDO-USDT | ETA: 0.8m
  [6350/9129] HVOL/HYPE-USDT | ETA: 0.8m
  [6400/9129] EMASTACK/PEPE-USDT | ETA: 0.8m
  [6450/9129] EMASTACK/UNI-USDT | ETA: 0.8m
  [6500/9129] EMASTACK/SUI-USDT | ETA: 0.7m
  [6550/9129] EMASTACK/NEAR-USDT | ETA: 0.7m
  [6600/9129] EMASTACK/DOT-USDT | ETA: 0.7m
  [6650/9129] EMASTACK/LINK-USDT | ETA: 0.7m
  [6700/9129] EMASTACK/AVAX-USDT | ETA: 0.7m
  [6750/9129] EMASTACK/SOL-USDT | ETA: 0.7m
  [6800/9129] EMASTACK/ETH-USDT | ETA: 0.6m
  [6850/9129] EMASTACK/BTC-USDT | ETA: 0.6m
  [6900/9129] EMASTACK/XLM-USDT | ETA: 0.6m
  [6950/9129] EMASTACK/WLD-USDT | ETA: 0.6m
  [7000/9129] EMASTACK/FIL-USDT | ETA: 0.6m
  [7050/9129] EMASTACK/DOGE-USDT | ETA: 0.6m
  [7100/9129] EMASTACK/ADA-USDT | ETA: 0.6m
  [7150/9129] EMASTACK/ONDO-USDT | ETA: 0.5m
  [7200/9129] EMASTACK/HYPE-USDT | ETA: 0.5m
  [7250/9129] EMASTACK/PEPE-USDT | ETA: 0.5m
  [7300/9129] EMASTACK/UNI-USDT | ETA: 0.5m
  [7350/9129] EMASTACK/SUI-USDT | ETA: 0.5m
  [7400/9129] EMASTACK/NEAR-USDT | ETA: 0.5m
  [7450/9129] EMASTACK/DOT-USDT | ETA: 0.5m
  [7500/9129] EMASTACK/LINK-USDT | ETA: 0.4m
  [7550/9129] EMASTACK/AVAX-USDT | ETA: 0.4m
  [7600/9129] EMASTACK/SOL-USDT | ETA: 0.4m
  [7650/9129] EMASTACK/ETH-USDT | ETA: 0.4m
  [7700/9129] EMASTACK/BTC-USDT | ETA: 0.4m
  [7750/9129] EMASTACK/XLM-USDT | ETA: 0.4m
  [7800/9129] EMASTACK/WLD-USDT | ETA: 0.4m
  [7850/9129] EMASTACK/FIL-USDT | ETA: 0.3m
  [7900/9129] EMASTACK/DOGE-USDT | ETA: 0.3m
  [7950/9129] EMASTACK/ADA-USDT | ETA: 0.3m
  [8000/9129] EMASTACK/ONDO-USDT | ETA: 0.3m
  [8050/9129] EMASTACK/HYPE-USDT | ETA: 0.3m
  [8100/9129] EMASTACK/PEPE-USDT | ETA: 0.3m
  [8150/9129] EMASTACK/UNI-USDT | ETA: 0.3m
  [8200/9129] EMASTACK/SUI-USDT | ETA: 0.2m
  [8250/9129] EMASTACK/NEAR-USDT | ETA: 0.2m
  [8300/9129] EMASTACK/DOT-USDT | ETA: 0.2m
  [8350/9129] EMASTACK/LINK-USDT | ETA: 0.2m
  [8400/9129] EMASTACK/AVAX-USDT | ETA: 0.2m
  [8450/9129] EMASTACK/SOL-USDT | ETA: 0.2m
  [8500/9129] EMASTACK/ETH-USDT | ETA: 0.2m
  [8550/9129] EMASTACK/BTC-USDT | ETA: 0.2m
  [8600/9129] EMASTACK/XLM-USDT | ETA: 0.1m
  [8650/9129] EMASTACK/WLD-USDT | ETA: 0.1m
  [8700/9129] EMASTACK/FIL-USDT | ETA: 0.1m
  [8750/9129] EMASTACK/DOGE-USDT | ETA: 0.1m
  [8800/9129] EMASTACK/ADA-USDT | ETA: 0.1m
  [8850/9129] EMASTACK/ONDO-USDT | ETA: 0.1m
  [8900/9129] EMASTACK/HYPE-USDT | ETA: 0.1m
  [8950/9129] EMASTACK/PEPE-USDT | ETA: 0.0m
  [9000/9129] EMASTACK/UNI-USDT | ETA: 0.0m
  [9050/9129] EMASTACK/SUI-USDT | ETA: 0.0m
  [9100/9129] EMASTACK/NEAR-USDT | ETA: 0.0m

✓ Saved 2464 results to /Users/pixelvector/projects/okx-poseidon-paper/results/ranked_results.csv

=== TOP 20 CONFIGURATIONS ===
strategy     pair  n_trades  win_rate  total_pnl  profit_factor  expectancy  max_drawdown  sharpe     score
EMASTACK ADA-USDT         5       0.8    30.7563        13.4263      6.1513        0.2511 17.0714 22.700485
EMASTACK ADA-USDT         5       0.8    30.7563        13.4263      6.1513        0.2511 17.0714 22.700485
EMASTACK ADA-USDT         5       0.8    30.7563        13.4263      6.1513        0.2511 17.0714 22.700485
EMASTACK ADA-USDT         5       0.8    30.7563        13.4263      6.1513        0.2511 17.0714 22.700485
EMASTACK ADA-USDT         5       0.8    30.7563        13.4263      6.1513        0.2511 17.0714 22.700485
EMASTACK ADA-USDT         5       0.8    30.7563        13.4263      6.1513        0.2511 17.0714 22.700485
    STAB SUI-USDT         5       1.0    27.1216            inf      5.4243        0.2506 15.9584 22.241246
    STAB SUI-USDT         5       1.0    27.1216            inf      5.4243        0.2506 15.9584 22.241246
    STAB SUI-USDT         5       1.0    27.1216            inf      5.4243        0.2506 15.9584 22.241246
    STAB SUI-USDT         5       1.0    27.1216            inf      5.4243        0.2506 15.9584 22.241246
    STAB SUI-USDT         6       1.0    30.0891            inf      5.0148        0.2506 15.8904 22.225916
    STAB SUI-USDT         6       1.0    30.0891            inf      5.0148        0.2506 15.8904 22.225916
    STAB SUI-USDT         6       1.0    28.4515            inf      4.7419        0.2506 15.8265 22.193806
    STAB SUI-USDT         6       1.0    28.4515            inf      4.7419        0.2506 15.8265 22.193806
    STAB SUI-USDT         5       1.0    30.6925            inf      6.1385        0.2506 15.8029 22.193330
    STAB SUI-USDT         5       1.0    30.6925            inf      6.1385        0.2506 15.8029 22.193330
    STAB SUI-USDT         5       1.0    30.6925            inf      6.1385        0.2506 15.8029 22.193330
    STAB SUI-USDT         5       1.0    30.6925            inf      6.1385        0.2506 15.8029 22.193330
    STAB SUI-USDT         5       1.0    25.4856            inf      5.0971        0.2506 15.7503 22.151462
    STAB SUI-USDT         5       1.0    25.4856            inf      5.0971        0.2506 15.7503 22.151462
