=== RUNNING ON 1H TIMEFRAME (62 days) ===
Research engine: 537 configs × up to 20 pairs
Loading BTC regime data...
BTC 1H loaded: 1500 bars
Loading pair data...
  ✓ SOL-USDT: 1500 bars
  ✓ AVAX-USDT: 1500 bars
  ✓ LINK-USDT: 1500 bars
  ✓ DOT-USDT: 1500 bars
  ✓ NEAR-USDT: 1500 bars
  ✓ SUI-USDT: 1500 bars
  ✓ UNI-USDT: 1500 bars
  ✓ HYPE-USDT: 1500 bars
  ✓ ONDO-USDT: 1500 bars
  ✓ FIL-USDT: 1500 bars
  ✓ WLD-USDT: 1500 bars
  ✓ DOGE-USDT: 1500 bars
  ✓ PEPE-USDT: 1500 bars
  ✓ ADA-USDT: 1500 bars
  ✓ XLM-USDT: 1500 bars
  ✓ BTC-USDT: 1500 bars
  ✓ ETH-USDT: 1500 bars
  ✓ APT-USDT: 1500 bars
  ✓ ENA-USDT: 1500 bars
  ✓ LIT-USDT: 1500 bars
Loading 1H data for MTALIGN...
  Resuming from checkpoint: 9100 already done
  [100/10740] VSMO/LIT-USDT | ETA: 0.3m
  [200/10740] VSMO/LIT-USDT | ETA: 0.4m
  [300/10740] VSMO/LIT-USDT | ETA: 0.4m
  [400/10740] VSMO/LIT-USDT | ETA: 0.4m
  [500/10740] VSMO/LIT-USDT | ETA: 0.4m
  [600/10740] VSMO/LIT-USDT | ETA: 0.4m
  [700/10740] VSMO/LIT-USDT | ETA: 0.5m
  [800/10740] VSMO/LIT-USDT | ETA: 0.4m
  [900/10740] VSMO/LIT-USDT | ETA: 0.4m
  [1000/10740] VSMO/LIT-USDT | ETA: 0.4m
  [1100/10740] VSMO/LIT-USDT | ETA: 0.4m
  [1200/10740] VSMO/LIT-USDT | ETA: 0.4m
  [1300/10740] VSMO/LIT-USDT | ETA: 0.4m
  [1400/10740] VSMO/LIT-USDT | ETA: 0.4m
  [1500/10740] VSMO/LIT-USDT | ETA: 0.4m
  [1600/10740] VSMO/LIT-USDT | ETA: 0.4m
  [1700/10740] VSMO/LIT-USDT | ETA: 0.4m
  [1800/10740] VSMO/LIT-USDT | ETA: 0.4m
  [1900/10740] VSMO/LIT-USDT | ETA: 0.4m
  [2000/10740] VSMO/LIT-USDT | ETA: 0.4m
  [2100/10740] VSMO/LIT-USDT | ETA: 0.4m
  [2200/10740] STAB/LIT-USDT | ETA: 0.4m
  [2300/10740] STAB/LIT-USDT | ETA: 0.4m
  [2400/10740] STAB/LIT-USDT | ETA: 0.4m
  [2500/10740] STAB/LIT-USDT | ETA: 0.4m
  [2600/10740] STAB/LIT-USDT | ETA: 0.4m
  [2700/10740] STAB/LIT-USDT | ETA: 0.4m
  [2800/10740] STAB/LIT-USDT | ETA: 0.4m
  [2900/10740] STAB/LIT-USDT | ETA: 0.4m
  [3000/10740] STAB/LIT-USDT | ETA: 0.4m
  [3100/10740] STAB/LIT-USDT | ETA: 0.4m
  [3200/10740] STAB/LIT-USDT | ETA: 0.4m
  [3300/10740] MTALIGN/LIT-USDT | ETA: 0.4m
  [3400/10740] MTALIGN/LIT-USDT | ETA: 0.4m
  [3500/10740] MTALIGN/LIT-USDT | ETA: 0.4m
  [3600/10740] MTALIGN/LIT-USDT | ETA: 0.5m
  [3700/10740] MTALIGN/LIT-USDT | ETA: 0.5m
  [3800/10740] MTALIGN/LIT-USDT | ETA: 0.5m
  [3900/10740] MTALIGN/LIT-USDT | ETA: 0.5m
  [4000/10740] RVOL/LIT-USDT | ETA: 0.5m
  [4100/10740] RVOL/LIT-USDT | ETA: 0.5m
  [4200/10740] RVOL/LIT-USDT | ETA: 0.5m
  [4300/10740] RVOL/LIT-USDT | ETA: 0.5m
  [4400/10740] RVOL/LIT-USDT | ETA: 0.5m
  [4500/10740] RVOL/LIT-USDT | ETA: 0.5m
  [4600/10740] RVOL/LIT-USDT | ETA: 0.4m
  [4700/10740] RVOL/LIT-USDT | ETA: 0.4m
  [4800/10740] RVOL/LIT-USDT | ETA: 0.4m
  [4900/10740] RVOL/LIT-USDT | ETA: 0.4m
  [5000/10740] RVOL/LIT-USDT | ETA: 0.4m
  [5100/10740] RVOL/LIT-USDT | ETA: 0.4m
  [5200/10740] RVOL/LIT-USDT | ETA: 0.4m
  [5300/10740] RVOL/LIT-USDT | ETA: 0.4m
  [5400/10740] RVOL/LIT-USDT | ETA: 0.4m
  [5500/10740] RVOL/LIT-USDT | ETA: 0.4m
  [5600/10740] RVOL/LIT-USDT | ETA: 0.4m
  [5700/10740] RVOL/LIT-USDT | ETA: 0.3m
  [5800/10740] RVOL/LIT-USDT | ETA: 0.3m
  [5900/10740] HVOL/LIT-USDT | ETA: 0.3m
  [6000/10740] HVOL/LIT-USDT | ETA: 0.3m
  [6100/10740] HVOL/LIT-USDT | ETA: 0.3m
  [6200/10740] HVOL/LIT-USDT | ETA: 0.3m
  [6300/10740] HVOL/LIT-USDT | ETA: 0.3m
  [6400/10740] HVOL/LIT-USDT | ETA: 0.3m
  [6500/10740] HVOL/LIT-USDT | ETA: 0.3m
  [6600/10740] HVOL/LIT-USDT | ETA: 0.3m
  [6700/10740] HVOL/LIT-USDT | ETA: 0.3m
  [6800/10740] HVOL/LIT-USDT | ETA: 0.3m
  [6900/10740] HVOL/LIT-USDT | ETA: 0.3m
  [7000/10740] HVOL/LIT-USDT | ETA: 0.2m
  [7100/10740] HVOL/LIT-USDT | ETA: 0.2m
  [7200/10740] HVOL/LIT-USDT | ETA: 0.2m
  [7300/10740] HVOL/LIT-USDT | ETA: 0.2m
  [7400/10740] HVOL/LIT-USDT | ETA: 0.2m
  [7500/10740] HVOL/LIT-USDT | ETA: 0.2m
  [7600/10740] EMASTACK/LIT-USDT | ETA: 0.2m
  [7700/10740] EMASTACK/LIT-USDT | ETA: 0.2m
  [7800/10740] EMASTACK/LIT-USDT | ETA: 0.2m
  [7900/10740] EMASTACK/LIT-USDT | ETA: 0.2m
  [8000/10740] EMASTACK/LIT-USDT | ETA: 0.2m
  [8100/10740] EMASTACK/LIT-USDT | ETA: 0.2m
  [8200/10740] EMASTACK/LIT-USDT | ETA: 0.2m
  [8300/10740] EMASTACK/LIT-USDT | ETA: 0.2m
  [8400/10740] EMASTACK/LIT-USDT | ETA: 0.1m
  [8500/10740] EMASTACK/LIT-USDT | ETA: 0.1m
  [8600/10740] EMASTACK/LIT-USDT | ETA: 0.1m
  [8700/10740] EMASTACK/LIT-USDT | ETA: 0.1m
  [8800/10740] EMASTACK/LIT-USDT | ETA: 0.1m
  [8900/10740] EMASTACK/LIT-USDT | ETA: 0.1m
  [9000/10740] EMASTACK/LIT-USDT | ETA: 0.1m
  [9100/10740] EMASTACK/LIT-USDT | ETA: 0.1m
  [9200/10740] EMASTACK/LIT-USDT | ETA: 0.1m
  [9300/10740] EMASTACK/LIT-USDT | ETA: 0.1m
  [9400/10740] EMASTACK/LIT-USDT | ETA: 0.1m
  [9500/10740] EMASTACK/LIT-USDT | ETA: 0.1m
  [9600/10740] EMASTACK/LIT-USDT | ETA: 0.1m
  [9700/10740] EMASTACK/LIT-USDT | ETA: 0.1m
  [9800/10740] EMASTACK/LIT-USDT | ETA: 0.1m
  [9900/10740] EMASTACK/LIT-USDT | ETA: 0.1m
  [10000/10740] EMASTACK/LIT-USDT | ETA: 0.0m
  [10100/10740] EMASTACK/LIT-USDT | ETA: 0.0m
  [10200/10740] EMASTACK/LIT-USDT | ETA: 0.0m
  [10300/10740] EMASTACK/LIT-USDT | ETA: 0.0m
  [10400/10740] EMASTACK/LIT-USDT | ETA: 0.0m
  [10500/10740] EMASTACK/LIT-USDT | ETA: 0.0m
  [10600/10740] EMASTACK/LIT-USDT | ETA: 0.0m
  [10700/10740] EMASTACK/LIT-USDT | ETA: 0.0m

✓ Saved 3018 results to /Users/pixelvector/projects/okx-poseidon-paper/./results/ranked_results.csv

=== TOP 20 on 1H ===
strategy     pair  n_trades  win_rate  total_pnl  profit_factor  expectancy  max_drawdown  sharpe    score
    HVOL ENA-USDT        12    0.6667   342.0130         3.0351     28.5011        0.2769  6.8885 9.399202
    HVOL ENA-USDT        18    0.5556   497.2928         2.7703     27.6274        0.2769  5.9873 9.262641
    HVOL ENA-USDT        18    0.5556   463.4001         2.6634     25.7444        0.2769  5.6389 8.827360
    HVOL ENA-USDT        12    0.6667   309.6251         2.8604     25.8021        0.2769  6.3099 8.776160
    HVOL ENA-USDT        19    0.5263   457.7125         2.6114     24.0901        0.2769  5.4799 8.663010
    HVOL ENA-USDT        13    0.4615   361.9321         2.6692     27.8409        0.2773  5.3208 8.302548
    HVOL ENA-USDT        21    0.3810   481.4214         2.3513     22.9248        0.2783  4.8331 8.107576
    HVOL ENA-USDT        21    0.4762   469.9517         2.3301     22.3787        0.2769  4.9736 8.087497
    HVOL ENA-USDT        14    0.5714   332.0354         2.4813     23.7168        0.2820  5.7006 8.048332
    HVOL ENA-USDT        13    0.3846   349.2873         2.5478     26.8683        0.2788  5.1293 7.991769
    HVOL ENA-USDT        22    0.3636   445.0087         2.3749     20.2277        0.2756  4.4440 7.844385
    HVOL ENA-USDT        19    0.5263   356.7928         2.2882     18.7786        0.2769  4.9312 7.555051
    HVOL ENA-USDT        19    0.4737   395.1568         2.1944     20.7977        0.2784  4.5366 7.408467
    HVOL ENA-USDT        18    0.3889   375.5585         2.2611     20.8644        0.2723  4.3862 7.376064
    HVOL ENA-USDT        17    0.3529   372.5923         2.1860     21.9172        0.2759  4.4236 7.262909
    HVOL ENA-USDT        23    0.4348   416.9021         2.0706     18.1262        0.2784  4.1676 7.162148
    HVOL ENA-USDT        15    0.5333   276.9128         2.2397     18.4609        0.2869  4.7462 7.078781
    HVOL ENA-USDT        19    0.4737   362.2539         2.1044     19.0660        0.2784  4.2117 7.011896
    HVOL ENA-USDT        20    0.5000   363.8132         2.1070     18.1907        0.2784  4.1688 7.004873
    HVOL ENA-USDT        23    0.4348   388.0828         2.0464     16.8732        0.2787  4.0182 6.950511
